ehall:~/workspace $ 
ehall:~/workspace $ git init
Initialized empty Git repository in /home/ubuntu/workspace/.git/
ehall:~/workspace (master) $ git status
On branch master

Initial commit

Untracked files:
  (use "git add <file>..." to include in what will be committed)

        README.md
        hello-world.html

nothing added to commit but untracked files present (use "git add" to track)
ehall:~/workspace (master) $ git status
On branch master

Initial commit

Untracked files:
  (use "git add <file>..." to include in what will be committed)

        README.md
        hello-world.html

nothing added to commit but untracked files present (use "git add" to track)
ehall:~/workspace (master) $ git add grocery.txt
fatal: pathspec 'grocery.txt' did not match any files
ehall:~/workspace (master) $ git status
On branch master

Initial commit

Untracked files:
  (use "git add <file>..." to include in what will be committed)

        README.md
        grocerylist.txt
        hello-world.html

nothing added to commit but untracked files present (use "git add" to track)
ehall:~/workspace (master) $ git status
On branch master

Initial commit

Untracked files:
  (use "git add <file>..." to include in what will be committed)

        README.md
        grocerylist.txt
        hello-world.html

nothing added to commit but untracked files present (use "git add" to track)
ehall:~/workspace (master) $ git status
On branch master

Initial commit

Untracked files:
  (use "git add <file>..." to include in what will be committed)

        README.md
        grocerylist.txt
        hello-world.html

nothing added to commit but untracked files present (use "git add" to track)
ehall:~/workspace (master) $ git add grocerylist.txt
ehall:~/workspace (master) $ git status
On branch master

Initial commit

Changes to be committed:
  (use "git rm --cached <file>..." to unstage)

        new file:   grocerylist.txt

Untracked files:
  (use "git add <file>..." to include in what will be committed)

        README.md
        hello-world.html

ehall:~/workspace (master) $ get status
bash: get: command not found
ehall:~/workspace (master) $ git status
On branch master

Initial commit

Changes to be committed:
  (use "git rm --cached <file>..." to unstage)

        new file:   grocerylist.txt

Untracked files:
  (use "git add <file>..." to include in what will be committed)

        README.md
        hello-world.html

ehall:~/workspace (master) $ git status
On branch master

Initial commit

Changes to be committed:
  (use "git rm --cached <file>..." to unstage)

        new file:   grocerylist.txt

Untracked files:
  (use "git add <file>..." to include in what will be committed)

        README.md
        hello-world.html

ehall:~/workspace (master) $ git add grocerylist.txt
ehall:~/workspace (master) $ git status
On branch master

Initial commit

Changes to be committed:
  (use "git rm --cached <file>..." to unstage)

        new file:   grocerylist.txt

Untracked files:
  (use "git add <file>..." to include in what will be committed)

        README.md
        hello-world.html

ehall:~/workspace (master) $ git status
On branch master

Initial commit

Changes to be committed:
  (use "git rm --cached <file>..." to unstage)

        new file:   grocerylist.txt

Untracked files:
  (use "git add <file>..." to include in what will be committed)

        README.md
        hello-world.html

ehall:~/workspace (master) $ git commit -m "create grocerylist.txt and add 1 item"
[master (root-commit) 611d3fd] create grocerylist.txt and add 1 item
 1 file changed, 0 insertions(+), 0 deletions(-)
 create mode 100644 grocerylist.txt
ehall:~/workspace (master) $ 
On branch master
Untracked files:
  (use "git add <file>..." to include in what will be committed)

        README.md
        hello-world.html
        that shit we was doin

nothing added to commit but untracked files present (use "git add" to track)
ehall:~/workspace (master) $ git spacelog
git: 'spacelog' is not a git command. See 'git --help'.
ehall:~/workspace (master) $ git space log
git: 'space' is not a git command. See 'git --help'.

Did you mean one of these?
        replace
        stage
ehall:~/workspace (master) $ git log
commit 611d3fd1fef8b00448947ae251a0dd89cb025b18
Author: Eric <ehall@icstars.org>
Date:   Tue Jul 5 19:08:17 2016 +0000

    create grocerylist.txt and add 1 item
ehall:~/workspace (master) $ git log
commit 611d3fd1fef8b00448947ae251a0dd89cb025b18
Author: Eric <ehall@icstars.org>
Date:   Tue Jul 5 19:08:17 2016 +0000

    create grocerylist.txt and add 1 item
ehall:~/workspace (master) $ git log